package main

import "fmt" // want `import "fmt" has alias "no_alias_in_config" which is not part of config`

func main() {
	fmt.Println("test")
}
